........................................................................ [  5%]
........................................................................ [ 10%]
........................................................................ [ 15%]
........................................................................ [ 20%]
........................................................................ [ 25%]
.......................ss..........................sssssssss............ [ 30%]
........................................................................ [ 35%]
........................................................................ [ 40%]
.....................................................sssssssssssss...... [ 46%]
........................................................................ [ 51%]
........................................................................ [ 56%]
........................................................................ [ 61%]
........................................................................ [ 66%]
........................................................................ [ 71%]
........................................................................ [ 76%]
.sss.................................................................... [ 81%]
........................................................................ [ 87%]
........................................................................ [ 92%]
........................................................................ [ 97%]
.....................................                                    [100%]
1378 passed, 27 skipped in 39.89s
